<?xml version="1.0" encoding="utf-8"?>
<results ts="11/8/2011 10:12:55 PM" nm="2011 General Election" fin="0" bal="0" vot="0" tab="0" cltab="0" pol="811" clpol="344" stpol="0">
  <choices>
    <choice id="1" tot="1" vot="35677" e="1" />
    <choice id="1" tot="0" pid="2" vot="22673" />
    <choice id="1" tot="0" pid="3" vot="6019" />
    <choice id="1" tot="0" pid="5" vot="6985" />
    <choice id="2" tot="1" vot="35838" e="1" />
    <choice id="2" tot="0" pid="2" vot="22773" />
    <choice id="2" tot="0" pid="5" vot="6868" />
    <choice id="2" tot="0" pid="3" vot="6197" />
    <choice id="3" tot="1" vot="264" e="-1" />
    <choice id="4" tot="1" vot="23514" e="-1" />
    <choice id="4" tot="0" pid="4" vot="1881" />
    <choice id="4" tot="0" pid="1" vot="21633" />
    <choice id="5" tot="1" vot="30532" e="1" />
    <choice id="5" tot="0" pid="5" vot="2655" />
    <choice id="5" tot="0" pid="2" vot="22819" />
    <choice id="5" tot="0" pid="3" vot="5058" />
    <choice id="6" tot="1" vot="33" e="-1" />
    <choice id="7" tot="1" vot="28237" e="1" />
    <choice id="7" tot="0" pid="1" vot="25489" />
    <choice id="7" tot="0" pid="4" vot="2748" />
    <choice id="8" tot="1" vot="22690" e="-1" />
    <choice id="8" tot="0" pid="3" vot="4586" />
    <choice id="8" tot="0" pid="2" vot="16243" />
    <choice id="8" tot="0" pid="5" vot="1861" />
    <choice id="9" tot="1" vot="21" e="-1" />
    <choice id="10" tot="1" vot="31063" e="1" />
    <choice id="10" tot="0" pid="1" vot="31063" />
    <choice id="11" tot="1" vot="22275" e="-1" />
    <choice id="11" tot="0" pid="3" vot="4198" />
    <choice id="11" tot="0" pid="5" vot="1756" />
    <choice id="11" tot="0" pid="2" vot="16321" />
    <choice id="12" tot="1" vot="24" e="-1" />
    <choice id="13" tot="1" vot="760" e="-1" />
    <choice id="13" tot="0" pid="4" vot="98" />
    <choice id="13" tot="0" pid="1" vot="662" />
    <choice id="14" tot="1" vot="1322" e="1" />
    <choice id="14" tot="0" pid="2" vot="959" />
    <choice id="14" tot="0" pid="5" vot="101" />
    <choice id="14" tot="0" pid="3" vot="262" />
    <choice id="15" tot="1" vot="2" e="-1" />
    <choice id="16" tot="1" vot="561" e="-1" />
    <choice id="16" tot="0" pid="1" vot="561" />
    <choice id="17" tot="1" vot="1471" e="1" />
    <choice id="17" tot="0" pid="2" vot="1042" />
    <choice id="17" tot="0" pid="3" vot="294" />
    <choice id="17" tot="0" pid="5" vot="135" />
    <choice id="18" tot="1" vot="1" e="-1" />
    <choice id="19" tot="1" vot="2299" e="1" />
    <choice id="19" tot="0" pid="3" vot="407" />
    <choice id="19" tot="0" pid="2" vot="1552" />
    <choice id="19" tot="0" pid="5" vot="340" />
    <choice id="20" tot="1" vot="4" e="-1" />
    <choice id="21" tot="1" vot="484" e="-1" />
    <choice id="21" tot="0" pid="4" vot="49" />
    <choice id="21" tot="0" pid="1" vot="435" />
    <choice id="22" tot="1" vot="946" e="1" />
    <choice id="22" tot="0" pid="3" vot="205" />
    <choice id="22" tot="0" pid="5" vot="49" />
    <choice id="22" tot="0" pid="2" vot="692" />
    <choice id="23" tot="1" vot="0" e="-1" />
    <choice id="24" tot="1" vot="247" e="-1" />
    <choice id="24" tot="0" pid="1" vot="230" />
    <choice id="24" tot="0" pid="4" vot="17" />
    <choice id="25" tot="1" vot="303" e="1" />
    <choice id="25" tot="0" pid="2" vot="218" />
    <choice id="25" tot="0" pid="3" vot="58" />
    <choice id="25" tot="0" pid="5" vot="27" />
    <choice id="26" tot="1" vot="0" e="-1" />
    <choice id="27" tot="1" vot="261" e="-1" />
    <choice id="27" tot="0" pid="1" vot="225" />
    <choice id="27" tot="0" pid="4" vot="36" />
    <choice id="28" tot="1" vot="301" e="1" />
    <choice id="28" tot="0" pid="5" vot="22" />
    <choice id="28" tot="0" pid="3" vot="69" />
    <choice id="28" tot="0" pid="2" vot="210" />
    <choice id="29" tot="1" vot="1" e="-1" />
    <choice id="30" tot="1" vot="634" e="1" />
    <choice id="30" tot="0" pid="2" vot="417" />
    <choice id="30" tot="0" pid="3" vot="120" />
    <choice id="30" tot="0" pid="5" vot="97" />
    <choice id="31" tot="1" vot="6" e="-1" />
    <choice id="32" tot="1" vot="2118" e="1" />
    <choice id="32" tot="0" pid="2" vot="1404" />
    <choice id="32" tot="0" pid="5" vot="336" />
    <choice id="32" tot="0" pid="3" vot="378" />
    <choice id="33" tot="1" vot="6" e="-1" />
    <choice id="34" tot="1" vot="905" e="-1" />
    <choice id="34" tot="0" pid="4" vot="65" />
    <choice id="34" tot="0" pid="1" vot="840" />
    <choice id="35" tot="1" vot="1850" e="1" />
    <choice id="35" tot="0" pid="5" vot="168" />
    <choice id="35" tot="0" pid="3" vot="338" />
    <choice id="35" tot="0" pid="2" vot="1344" />
    <choice id="36" tot="1" vot="1" e="-1" />
    <choice id="37" tot="1" vot="2857" e="1" />
    <choice id="37" tot="0" pid="2" vot="1995" />
    <choice id="37" tot="0" pid="3" vot="353" />
    <choice id="37" tot="0" pid="5" vot="509" />
    <choice id="38" tot="1" vot="18" e="-1" />
    <choice id="39" tot="1" vot="974" e="-1" />
    <choice id="39" tot="0" pid="1" vot="974" />
    <choice id="40" tot="1" vot="2026" e="1" />
    <choice id="40" tot="0" pid="3" vot="342" />
    <choice id="40" tot="0" pid="5" vot="169" />
    <choice id="40" tot="0" pid="2" vot="1515" />
    <choice id="41" tot="1" vot="2" e="-1" />
    <choice id="42" tot="1" vot="660" e="-1" />
    <choice id="42" tot="0" pid="4" vot="77" />
    <choice id="42" tot="0" pid="1" vot="583" />
    <choice id="43" tot="1" vot="764" e="1" />
    <choice id="43" tot="0" pid="3" vot="152" />
    <choice id="43" tot="0" pid="2" vot="540" />
    <choice id="43" tot="0" pid="5" vot="72" />
    <choice id="44" tot="1" vot="2" e="-1" />
    <choice id="45" tot="1" vot="603" e="-1" />
    <choice id="45" tot="0" pid="4" vot="41" />
    <choice id="45" tot="0" pid="1" vot="562" />
    <choice id="46" tot="1" vot="961" e="1" />
    <choice id="46" tot="0" pid="3" vot="175" />
    <choice id="46" tot="0" pid="2" vot="703" />
    <choice id="46" tot="0" pid="5" vot="83" />
    <choice id="47" tot="1" vot="0" e="-1" />
    <choice id="48" tot="1" vot="2092" e="1" />
    <choice id="48" tot="0" pid="1" vot="1787" />
    <choice id="48" tot="0" pid="5" vot="305" />
    <choice id="49" tot="1" vot="3" e="-1" />
    <choice id="50" tot="1" vot="635" e="-1" />
    <choice id="50" tot="0" pid="4" vot="51" />
    <choice id="50" tot="0" pid="1" vot="584" />
    <choice id="51" tot="1" vot="1054" e="1" />
    <choice id="51" tot="0" pid="5" vot="58" />
    <choice id="51" tot="0" pid="3" vot="200" />
    <choice id="51" tot="0" pid="2" vot="796" />
    <choice id="52" tot="1" vot="0" e="-1" />
    <choice id="53" tot="1" vot="1544" e="1" />
    <choice id="53" tot="0" pid="5" vot="178" />
    <choice id="53" tot="0" pid="1" vot="1366" />
    <choice id="54" tot="1" vot="1193" e="-1" />
    <choice id="54" tot="0" pid="3" vot="216" />
    <choice id="54" tot="0" pid="2" vot="924" />
    <choice id="54" tot="0" pid="4" vot="53" />
    <choice id="55" tot="1" vot="3" e="-1" />
    <choice id="56" tot="1" vot="1468" e="1" />
    <choice id="56" tot="0" pid="4" vot="74" />
    <choice id="56" tot="0" pid="1" vot="1254" />
    <choice id="56" tot="0" pid="5" vot="140" />
    <choice id="57" tot="1" vot="787" e="-1" />
    <choice id="57" tot="0" pid="2" vot="787" />
    <choice id="58" tot="1" vot="4" e="-1" />
    <choice id="59" tot="1" vot="1558" e="-1" />
    <choice id="59" tot="0" pid="4" vot="125" />
    <choice id="59" tot="0" pid="1" vot="1433" />
    <choice id="60" tot="1" vot="2199" e="1" />
    <choice id="60" tot="0" pid="3" vot="400" />
    <choice id="60" tot="0" pid="5" vot="165" />
    <choice id="60" tot="0" pid="2" vot="1634" />
    <choice id="61" tot="1" vot="0" e="-1" />
    <choice id="62" tot="1" vot="845" e="1" />
    <choice id="62" tot="0" pid="2" vot="622" />
    <choice id="62" tot="0" pid="5" vot="57" />
    <choice id="62" tot="0" pid="3" vot="166" />
    <choice id="63" tot="1" vot="403" e="-1" />
    <choice id="63" tot="0" pid="1" vot="374" />
    <choice id="63" tot="0" pid="4" vot="29" />
    <choice id="64" tot="1" vot="1" e="-1" />
    <choice id="65" tot="1" vot="1069" e="1" />
    <choice id="65" tot="0" pid="5" vot="170" />
    <choice id="65" tot="0" pid="2" vot="689" />
    <choice id="65" tot="0" pid="3" vot="210" />
    <choice id="66" tot="1" vot="8" e="-1" />
    <choice id="67" tot="1" vot="1212" e="1" />
    <choice id="67" tot="0" pid="5" vot="118" />
    <choice id="67" tot="0" pid="1" vot="973" />
    <choice id="67" tot="0" pid="4" vot="121" />
    <choice id="68" tot="1" vot="4" e="-1" />
    <choice id="69" tot="1" vot="384" e="1" />
    <choice id="69" tot="0" pid="1" vot="384" />
    <choice id="70" tot="1" vot="2" e="-1" />
    <choice id="71" tot="1" vot="1257" e="1" />
    <choice id="71" tot="0" pid="1" vot="980" />
    <choice id="71" tot="0" pid="4" vot="142" />
    <choice id="71" tot="0" pid="5" vot="135" />
    <choice id="72" tot="1" vot="7" e="-1" />
    <choice id="73" tot="1" vot="1062" e="1" />
    <choice id="73" tot="0" pid="5" vot="82" />
    <choice id="73" tot="0" pid="1" vot="901" />
    <choice id="73" tot="0" pid="4" vot="79" />
    <choice id="74" tot="1" vot="151" e="-1" />
    <choice id="74" tot="0" pid="6" vot="151" />
    <choice id="75" tot="1" vot="3" e="-1" />
    <choice id="76" tot="1" vot="188" e="1" />
    <choice id="76" tot="0" pid="1" vot="188" />
    <choice id="77" tot="1" vot="35" e="-1" />
    <choice id="77" tot="0" pid="7" vot="35" />
    <choice id="78" tot="1" vot="49" e="-1" />
    <choice id="78" tot="0" pid="8" vot="49" />
    <choice id="79" tot="1" vot="0" e="-1" />
    <choice id="80" tot="1" vot="1113" e="1" />
    <choice id="80" tot="0" pid="1" vot="991" />
    <choice id="80" tot="0" pid="4" vot="122" />
    <choice id="81" tot="1" vot="1109" e="-1" />
    <choice id="81" tot="0" pid="5" vot="108" />
    <choice id="81" tot="0" pid="3" vot="228" />
    <choice id="81" tot="0" pid="2" vot="773" />
    <choice id="82" tot="1" vot="2" e="-1" />
    <choice id="83" tot="1" vot="1015" e="1" />
    <choice id="83" tot="0" pid="4" vot="75" />
    <choice id="83" tot="0" pid="1" vot="940" />
    <choice id="84" tot="1" vot="140" e="-1" />
    <choice id="84" tot="0" pid="7" vot="140" />
    <choice id="85" tot="1" vot="2" e="-1" />
    <choice id="86" tot="1" vot="849" e="1" />
    <choice id="86" tot="0" pid="1" vot="693" />
    <choice id="86" tot="0" pid="4" vot="88" />
    <choice id="86" tot="0" pid="5" vot="68" />
    <choice id="87" tot="1" vot="4" e="-1" />
    <choice id="88" tot="1" vot="642" e="1" />
    <choice id="88" tot="0" pid="1" vot="584" />
    <choice id="88" tot="0" pid="4" vot="58" />
    <choice id="89" tot="1" vot="163" e="-1" />
    <choice id="89" tot="0" pid="5" vot="163" />
    <choice id="90" tot="1" vot="3" e="-1" />
    <choice id="91" tot="1" vot="6774" e="1" />
    <choice id="91" tot="0" pid="1" vot="6774" />
    <choice id="92" tot="1" vot="34" e="-1" />
    <choice id="93" tot="1" vot="2290" e="1" />
    <choice id="93" tot="0" pid="1" vot="1914" />
    <choice id="93" tot="0" pid="5" vot="156" />
    <choice id="93" tot="0" pid="4" vot="220" />
    <choice id="94" tot="1" vot="718" e="-1" />
    <choice id="94" tot="0" pid="2" vot="718" />
    <choice id="95" tot="1" vot="5" e="-1" />
    <choice id="96" tot="1" vot="1128" e="1" />
    <choice id="96" tot="0" pid="1" vot="1128" />
    <choice id="97" tot="1" vot="6" e="-1" />
    <choice id="98" tot="1" vot="753" e="-1" />
    <choice id="98" tot="0" pid="2" vot="753" />
    <choice id="99" tot="1" vot="2058" e="1" />
    <choice id="99" tot="0" pid="5" vot="235" />
    <choice id="99" tot="0" pid="1" vot="1823" />
    <choice id="100" tot="1" vot="31" e="-1" />
    <choice id="101" tot="1" vot="311" e="-1" />
    <choice id="101" tot="0" pid="4" vot="311" />
    <choice id="102" tot="1" vot="1107" e="1" />
    <choice id="102" tot="0" pid="1" vot="1107" />
    <choice id="103" tot="1" vot="223" e="-1" />
    <choice id="103" tot="0" pid="6" vot="223" />
    <choice id="104" tot="1" vot="4" e="-1" />
    <choice id="105" tot="1" vot="6217" e="1" />
    <choice id="105" tot="0" pid="5" vot="622" />
    <choice id="105" tot="0" pid="1" vot="5595" />
    <choice id="106" tot="1" vot="5921" e="1" />
    <choice id="106" tot="0" pid="1" vot="5066" />
    <choice id="106" tot="0" pid="6" vot="855" />
    <choice id="107" tot="1" vot="6025" e="1" />
    <choice id="107" tot="0" pid="4" vot="899" />
    <choice id="107" tot="0" pid="1" vot="5126" />
    <choice id="108" tot="1" vot="6646" e="1" />
    <choice id="108" tot="0" pid="4" vot="816" />
    <choice id="108" tot="0" pid="5" vot="579" />
    <choice id="108" tot="0" pid="1" vot="5251" />
    <choice id="109" tot="1" vot="1732" e="-1" />
    <choice id="109" tot="0" pid="9" vot="363" />
    <choice id="109" tot="0" pid="4" vot="1369" />
    <choice id="110" tot="1" vot="1219" e="-1" />
    <choice id="110" tot="0" pid="4" vot="1219" />
    <choice id="111" tot="1" vot="1139" e="-1" />
    <choice id="111" tot="0" pid="6" vot="1139" />
    <choice id="112" tot="1" vot="1155" e="-1" />
    <choice id="112" tot="0" pid="6" vot="1155" />
    <choice id="113" tot="1" vot="94" e="-1" />
    <choice id="114" tot="1" vot="954" e="-1" />
    <choice id="114" tot="0" pid="3" vot="156" />
    <choice id="114" tot="0" pid="2" vot="798" />
    <choice id="115" tot="1" vot="585" e="-1" />
    <choice id="115" tot="0" pid="5" vot="585" />
    <choice id="116" tot="1" vot="1988" e="1" />
    <choice id="116" tot="0" pid="1" vot="1988" />
    <choice id="117" tot="1" vot="0" e="-1" />
    <choice id="118" tot="1" vot="1513" e="-1" />
    <choice id="118" tot="0" pid="4" vot="164" />
    <choice id="118" tot="0" pid="1" vot="1349" />
    <choice id="119" tot="1" vot="1703" e="1" />
    <choice id="119" tot="0" pid="3" vot="306" />
    <choice id="119" tot="0" pid="5" vot="140" />
    <choice id="119" tot="0" pid="2" vot="1257" />
    <choice id="120" tot="1" vot="1" e="-1" />
    <choice id="121" tot="1" vot="637" e="1" />
    <choice id="121" tot="0" pid="2" vot="427" />
    <choice id="121" tot="0" pid="3" vot="127" />
    <choice id="121" tot="0" pid="5" vot="83" />
    <choice id="122" tot="1" vot="8" e="-1" />
    <choice id="123" tot="1" vot="1429" e="1" />
    <choice id="123" tot="0" pid="3" vot="248" />
    <choice id="123" tot="0" pid="5" vot="181" />
    <choice id="123" tot="0" pid="2" vot="1000" />
    <choice id="124" tot="1" vot="9" e="-1" />
    <choice id="125" tot="1" vot="305" e="-1" />
    <choice id="125" tot="0" pid="4" vot="28" />
    <choice id="125" tot="0" pid="1" vot="277" />
    <choice id="126" tot="1" vot="693" e="1" />
    <choice id="126" tot="0" pid="5" vot="61" />
    <choice id="126" tot="0" pid="2" vot="512" />
    <choice id="126" tot="0" pid="3" vot="120" />
    <choice id="127" tot="1" vot="1" e="-1" />
    <choice id="128" tot="1" vot="1905" e="1" />
    <choice id="128" tot="0" pid="2" vot="1228" />
    <choice id="128" tot="0" pid="3" vot="304" />
    <choice id="128" tot="0" pid="5" vot="373" />
    <choice id="129" tot="1" vot="19" e="-1" />
    <choice id="130" tot="1" vot="4596" e="1" />
    <choice id="130" tot="0" pid="1" vot="2250" />
    <choice id="130" tot="0" pid="2" vot="1618" />
    <choice id="130" tot="0" pid="3" vot="395" />
    <choice id="130" tot="0" pid="5" vot="333" />
    <choice id="131" tot="1" vot="60" e="-1" />
    <choice id="132" tot="1" vot="0" e="0" />
    <choice id="132" tot="0" pid="1" vot="0" />
    <choice id="132" tot="0" pid="11" vot="0" />
    <choice id="133" tot="1" vot="0" e="0" />
    <choice id="133" tot="0" pid="2" vot="0" />
    <choice id="133" tot="0" pid="3" vot="0" />
    <choice id="133" tot="0" pid="5" vot="0" />
    <choice id="134" tot="1" vot="0" e="0" />
    <choice id="135" tot="1" vot="1063" e="1" />
    <choice id="135" tot="0" pid="3" vot="221" />
    <choice id="135" tot="0" pid="5" vot="138" />
    <choice id="135" tot="0" pid="2" vot="704" />
    <choice id="136" tot="1" vot="7" e="-1" />
    <choice id="137" tot="1" vot="679" e="1" />
    <choice id="137" tot="0" pid="3" vot="108" />
    <choice id="137" tot="0" pid="2" vot="468" />
    <choice id="137" tot="0" pid="5" vot="103" />
    <choice id="138" tot="1" vot="4" e="-1" />
    <choice id="139" tot="1" vot="3006" e="1" />
    <choice id="139" tot="0" pid="2" vot="2085" />
    <choice id="139" tot="0" pid="3" vot="456" />
    <choice id="139" tot="0" pid="5" vot="465" />
    <choice id="140" tot="1" vot="14" e="-1" />
    <choice id="141" tot="1" vot="5247" e="1" />
    <choice id="141" tot="0" pid="2" vot="3648" />
    <choice id="141" tot="0" pid="3" vot="738" />
    <choice id="141" tot="0" pid="5" vot="861" />
    <choice id="142" tot="1" vot="27" e="-1" />
    <choice id="143" tot="1" vot="2655" e="1" />
    <choice id="143" tot="0" pid="5" vot="507" />
    <choice id="143" tot="0" pid="2" vot="2148" />
    <choice id="144" tot="1" vot="10" e="-1" />
    <choice id="145" tot="1" vot="0" e="0" />
    <choice id="145" tot="0" pid="1" vot="0" />
    <choice id="145" tot="0" pid="4" vot="0" />
    <choice id="146" tot="1" vot="0" e="0" />
    <choice id="146" tot="0" pid="5" vot="0" />
    <choice id="146" tot="0" pid="2" vot="0" />
    <choice id="146" tot="0" pid="3" vot="0" />
    <choice id="147" tot="1" vot="0" e="0" />
    <choice id="148" tot="1" vot="0" e="0" />
    <choice id="148" tot="0" pid="1" vot="0" />
    <choice id="148" tot="0" pid="13" vot="0" />
    <choice id="149" tot="1" vot="0" e="0" />
    <choice id="149" tot="0" pid="3" vot="0" />
    <choice id="149" tot="0" pid="2" vot="0" />
    <choice id="149" tot="0" pid="5" vot="0" />
    <choice id="150" tot="1" vot="0" e="0" />
    <choice id="151" tot="1" vot="428" e="1" />
    <choice id="151" tot="0" pid="2" vot="279" />
    <choice id="151" tot="0" pid="3" vot="82" />
    <choice id="151" tot="0" pid="5" vot="67" />
    <choice id="152" tot="1" vot="212" e="-1" />
    <choice id="153" tot="1" vot="1339" e="-1" />
    <choice id="153" tot="0" pid="1" vot="1218" />
    <choice id="153" tot="0" pid="4" vot="121" />
    <choice id="154" tot="1" vot="2222" e="1" />
    <choice id="154" tot="0" pid="5" vot="193" />
    <choice id="154" tot="0" pid="2" vot="1631" />
    <choice id="154" tot="0" pid="3" vot="398" />
    <choice id="155" tot="1" vot="0" e="-1" />
    <choice id="156" tot="1" vot="532" e="1" />
    <choice id="156" tot="0" pid="5" vot="112" />
    <choice id="156" tot="0" pid="3" vot="86" />
    <choice id="156" tot="0" pid="2" vot="334" />
    <choice id="157" tot="1" vot="1" e="-1" />
    <choice id="158" tot="1" vot="2605" e="1" />
    <choice id="158" tot="0" pid="1" vot="2605" />
    <choice id="159" tot="1" vot="4" e="-1" />
    <choice id="160" tot="1" vot="1289" e="-1" />
    <choice id="160" tot="0" pid="1" vot="1289" />
    <choice id="161" tot="1" vot="1862" e="1" />
    <choice id="161" tot="0" pid="3" vot="342" />
    <choice id="161" tot="0" pid="5" vot="156" />
    <choice id="161" tot="0" pid="2" vot="1364" />
    <choice id="162" tot="1" vot="0" e="-1" />
    <choice id="163" tot="1" vot="690" e="1" />
    <choice id="163" tot="0" pid="5" vot="100" />
    <choice id="163" tot="0" pid="3" vot="138" />
    <choice id="163" tot="0" pid="2" vot="452" />
    <choice id="164" tot="1" vot="1" e="-1" />
    <choice id="165" tot="1" vot="890" e="1" />
    <choice id="165" tot="0" pid="5" vot="116" />
    <choice id="165" tot="0" pid="3" vot="139" />
    <choice id="165" tot="0" pid="2" vot="635" />
    <choice id="166" tot="1" vot="4" e="-1" />
    <choice id="167" tot="1" vot="0" e="0" />
    <choice id="167" tot="0" pid="2" vot="0" />
    <choice id="167" tot="0" pid="3" vot="0" />
    <choice id="167" tot="0" pid="5" vot="0" />
    <choice id="168" tot="1" vot="0" e="0" />
    <choice id="169" tot="1" vot="1110" e="1" />
    <choice id="169" tot="0" pid="2" vot="728" />
    <choice id="169" tot="0" pid="3" vot="229" />
    <choice id="169" tot="0" pid="5" vot="153" />
    <choice id="170" tot="1" vot="1" e="-1" />
    <choice id="171" tot="1" vot="5134" e="1" />
    <choice id="171" tot="0" pid="2" vot="3529" />
    <choice id="171" tot="0" pid="5" vot="852" />
    <choice id="171" tot="0" pid="3" vot="753" />
    <choice id="172" tot="1" vot="17" e="-1" />
    <choice id="173" tot="1" vot="0" e="0" />
    <choice id="173" tot="0" pid="2" vot="0" />
    <choice id="173" tot="0" pid="3" vot="0" />
    <choice id="173" tot="0" pid="5" vot="0" />
    <choice id="174" tot="1" vot="0" e="0" />
    <choice id="175" tot="1" vot="548" e="1" />
    <choice id="175" tot="0" pid="2" vot="405" />
    <choice id="175" tot="0" pid="5" vot="143" />
    <choice id="176" tot="1" vot="0" e="-1" />
    <choice id="177" tot="1" vot="2901" e="1" />
    <choice id="177" tot="0" pid="4" vot="136" />
    <choice id="177" tot="0" pid="5" vot="360" />
    <choice id="177" tot="0" pid="1" vot="2405" />
    <choice id="178" tot="1" vot="6" e="-1" />
    <choice id="179" tot="1" vot="1061" e="-1" />
    <choice id="179" tot="0" pid="1" vot="1061" />
    <choice id="180" tot="1" vot="2039" e="1" />
    <choice id="180" tot="0" pid="2" vot="1457" />
    <choice id="180" tot="0" pid="3" vot="390" />
    <choice id="180" tot="0" pid="5" vot="192" />
    <choice id="181" tot="1" vot="0" e="-1" />
    <choice id="182" tot="1" vot="645" e="-1" />
    <choice id="182" tot="0" pid="4" vot="55" />
    <choice id="182" tot="0" pid="1" vot="590" />
    <choice id="183" tot="1" vot="1082" e="1" />
    <choice id="183" tot="0" pid="3" vot="224" />
    <choice id="183" tot="0" pid="5" vot="76" />
    <choice id="183" tot="0" pid="2" vot="782" />
    <choice id="184" tot="1" vot="0" e="-1" />
    <choice id="185" tot="1" vot="1070" e="-1" />
    <choice id="185" tot="0" pid="1" vot="1070" />
    <choice id="186" tot="1" vot="2810" e="1" />
    <choice id="186" tot="0" pid="3" vot="530" />
    <choice id="186" tot="0" pid="5" vot="245" />
    <choice id="186" tot="0" pid="2" vot="2035" />
    <choice id="187" tot="1" vot="0" e="-1" />
    <choice id="188" tot="1" vot="776" e="1" />
    <choice id="188" tot="0" pid="2" vot="650" />
    <choice id="188" tot="0" pid="5" vot="126" />
    <choice id="189" tot="1" vot="8" e="-1" />
    <choice id="190" tot="1" vot="4628" e="1" />
    <choice id="190" tot="0" pid="2" vot="1678" />
    <choice id="190" tot="0" pid="5" vot="331" />
    <choice id="190" tot="0" pid="3" vot="411" />
    <choice id="190" tot="0" pid="1" vot="2208" />
    <choice id="191" tot="1" vot="22" e="-1" />
    <choice id="192" tot="1" vot="0" e="0" />
    <choice id="192" tot="0" pid="2" vot="0" />
    <choice id="192" tot="0" pid="3" vot="0" />
    <choice id="192" tot="0" pid="5" vot="0" />
    <choice id="193" tot="1" vot="0" e="0" />
    <choice id="194" tot="1" vot="1078" e="1" />
    <choice id="194" tot="0" pid="3" vot="230" />
    <choice id="194" tot="0" pid="5" vot="144" />
    <choice id="194" tot="0" pid="2" vot="704" />
    <choice id="195" tot="1" vot="1" e="-1" />
    <choice id="196" tot="1" vot="726" e="1" />
    <choice id="196" tot="0" pid="5" vot="116" />
    <choice id="196" tot="0" pid="2" vot="501" />
    <choice id="196" tot="0" pid="3" vot="109" />
    <choice id="197" tot="1" vot="2" e="-1" />
    <choice id="198" tot="1" vot="2978" e="1" />
    <choice id="198" tot="0" pid="5" vot="471" />
    <choice id="198" tot="0" pid="2" vot="2025" />
    <choice id="198" tot="0" pid="3" vot="482" />
    <choice id="199" tot="1" vot="7" e="-1" />
    <choice id="200" tot="1" vot="2189" e="-1" />
    <choice id="200" tot="0" pid="1" vot="2189" />
    <choice id="201" tot="1" vot="3932" e="1" />
    <choice id="201" tot="0" pid="5" vot="347" />
    <choice id="201" tot="0" pid="3" vot="681" />
    <choice id="201" tot="0" pid="2" vot="2904" />
    <choice id="202" tot="1" vot="2" e="-1" />
    <choice id="203" tot="1" vot="2577" e="1" />
    <choice id="203" tot="0" pid="5" vot="492" />
    <choice id="203" tot="0" pid="2" vot="1835" />
    <choice id="203" tot="0" pid="3" vot="250" />
    <choice id="204" tot="1" vot="7" e="-1" />
    <choice id="205" tot="1" vot="0" e="0" />
    <choice id="205" tot="0" pid="4" vot="0" />
    <choice id="205" tot="0" pid="1" vot="0" />
    <choice id="206" tot="1" vot="0" e="0" />
    <choice id="206" tot="0" pid="5" vot="0" />
    <choice id="206" tot="0" pid="3" vot="0" />
    <choice id="206" tot="0" pid="2" vot="0" />
    <choice id="207" tot="1" vot="0" e="0" />
    <choice id="208" tot="1" vot="0" e="0" />
    <choice id="208" tot="0" pid="3" vot="0" />
    <choice id="208" tot="0" pid="2" vot="0" />
    <choice id="208" tot="0" pid="5" vot="0" />
    <choice id="209" tot="1" vot="0" e="0" />
    <choice id="210" tot="1" vot="532" e="1" />
    <choice id="210" tot="0" pid="2" vot="319" />
    <choice id="210" tot="0" pid="5" vot="112" />
    <choice id="210" tot="0" pid="3" vot="101" />
    <choice id="211" tot="1" vot="20" e="-1" />
    <choice id="212" tot="1" vot="1080" e="-1" />
    <choice id="212" tot="0" pid="1" vot="1080" />
    <choice id="213" tot="1" vot="2415" e="1" />
    <choice id="213" tot="0" pid="3" vot="430" />
    <choice id="213" tot="0" pid="2" vot="1759" />
    <choice id="213" tot="0" pid="5" vot="226" />
    <choice id="214" tot="1" vot="1" e="-1" />
    <choice id="215" tot="1" vot="572" e="1" />
    <choice id="215" tot="0" pid="2" vot="349" />
    <choice id="215" tot="0" pid="3" vot="93" />
    <choice id="215" tot="0" pid="5" vot="130" />
    <choice id="216" tot="1" vot="0" e="-1" />
    <choice id="217" tot="1" vot="1742" e="1" />
    <choice id="217" tot="0" pid="3" vot="298" />
    <choice id="217" tot="0" pid="5" vot="357" />
    <choice id="217" tot="0" pid="2" vot="1087" />
    <choice id="218" tot="1" vot="1709" e="1" />
    <choice id="218" tot="0" pid="5" vot="356" />
    <choice id="218" tot="0" pid="3" vot="312" />
    <choice id="218" tot="0" pid="2" vot="1041" />
    <choice id="219" tot="1" vot="1670" e="1" />
    <choice id="219" tot="0" pid="5" vot="356" />
    <choice id="219" tot="0" pid="3" vot="295" />
    <choice id="219" tot="0" pid="2" vot="1019" />
    <choice id="220" tot="1" vot="27" e="-1" />
    <choice id="221" tot="1" vot="2337" e="1" />
    <choice id="221" tot="0" pid="1" vot="2337" />
    <choice id="222" tot="1" vot="2367" e="1" />
    <choice id="222" tot="0" pid="1" vot="2367" />
    <choice id="223" tot="1" vot="1365" e="-1" />
    <choice id="223" tot="0" pid="3" vot="199" />
    <choice id="223" tot="0" pid="2" vot="1166" />
    <choice id="224" tot="1" vot="9" e="-1" />
    <choice id="225" tot="1" vot="1207" e="-1" />
    <choice id="225" tot="0" pid="4" vot="111" />
    <choice id="225" tot="0" pid="1" vot="1038" />
    <choice id="225" tot="0" pid="6" vot="58" />
    <choice id="226" tot="1" vot="1285" e="-1" />
    <choice id="226" tot="0" pid="1" vot="1149" />
    <choice id="226" tot="0" pid="4" vot="136" />
    <choice id="227" tot="1" vot="2004" e="1" />
    <choice id="227" tot="0" pid="2" vot="1461" />
    <choice id="227" tot="0" pid="5" vot="169" />
    <choice id="227" tot="0" pid="3" vot="374" />
    <choice id="228" tot="1" vot="1661" e="1" />
    <choice id="228" tot="0" pid="2" vot="1179" />
    <choice id="228" tot="0" pid="5" vot="131" />
    <choice id="228" tot="0" pid="3" vot="351" />
    <choice id="229" tot="1" vot="2" e="-1" />
    <choice id="230" tot="1" vot="619" e="1" />
    <choice id="230" tot="0" pid="2" vot="447" />
    <choice id="230" tot="0" pid="3" vot="172" />
    <choice id="231" tot="1" vot="635" e="1" />
    <choice id="231" tot="0" pid="2" vot="418" />
    <choice id="231" tot="0" pid="3" vot="144" />
    <choice id="231" tot="0" pid="5" vot="73" />
    <choice id="232" tot="1" vot="6" e="-1" />
    <choice id="233" tot="1" vot="590" e="-1" />
    <choice id="233" tot="0" pid="1" vot="532" />
    <choice id="233" tot="0" pid="4" vot="58" />
    <choice id="234" tot="1" vot="651" e="-1" />
    <choice id="234" tot="0" pid="4" vot="77" />
    <choice id="234" tot="0" pid="1" vot="574" />
    <choice id="235" tot="1" vot="1110" e="1" />
    <choice id="235" tot="0" pid="5" vot="91" />
    <choice id="235" tot="0" pid="2" vot="803" />
    <choice id="235" tot="0" pid="3" vot="216" />
    <choice id="236" tot="1" vot="1087" e="1" />
    <choice id="236" tot="0" pid="2" vot="789" />
    <choice id="236" tot="0" pid="3" vot="224" />
    <choice id="236" tot="0" pid="5" vot="74" />
    <choice id="237" tot="1" vot="0" e="-1" />
    <choice id="238" tot="1" vot="850" e="1" />
    <choice id="238" tot="0" pid="3" vot="124" />
    <choice id="238" tot="0" pid="5" vot="122" />
    <choice id="238" tot="0" pid="2" vot="604" />
    <choice id="239" tot="1" vot="831" e="1" />
    <choice id="239" tot="0" pid="5" vot="121" />
    <choice id="239" tot="0" pid="2" vot="590" />
    <choice id="239" tot="0" pid="3" vot="120" />
    <choice id="240" tot="1" vot="4" e="-1" />
    <choice id="241" tot="1" vot="1737" e="1" />
    <choice id="241" tot="0" pid="2" vot="1089" />
    <choice id="241" tot="0" pid="3" vot="299" />
    <choice id="241" tot="0" pid="5" vot="349" />
    <choice id="242" tot="1" vot="1727" e="1" />
    <choice id="242" tot="0" pid="2" vot="1070" />
    <choice id="242" tot="0" pid="3" vot="305" />
    <choice id="242" tot="0" pid="5" vot="352" />
    <choice id="243" tot="1" vot="33" e="-1" />
    <choice id="244" tot="1" vot="2844" e="1" />
    <choice id="244" tot="0" pid="5" vot="301" />
    <choice id="244" tot="0" pid="4" vot="158" />
    <choice id="244" tot="0" pid="1" vot="2385" />
    <choice id="245" tot="1" vot="2851" e="1" />
    <choice id="245" tot="0" pid="4" vot="165" />
    <choice id="245" tot="0" pid="5" vot="301" />
    <choice id="245" tot="0" pid="1" vot="2385" />
    <choice id="246" tot="1" vot="2078" e="-1" />
    <choice id="246" tot="0" pid="2" vot="2078" />
    <choice id="247" tot="1" vot="2091" e="-1" />
    <choice id="247" tot="0" pid="2" vot="2091" />
    <choice id="248" tot="1" vot="7" e="-1" />
    <choice id="249" tot="1" vot="0" e="0" />
    <choice id="249" tot="0" pid="11" vot="0" />
    <choice id="249" tot="0" pid="1" vot="0" />
    <choice id="250" tot="1" vot="0" e="0" />
    <choice id="250" tot="0" pid="11" vot="0" />
    <choice id="250" tot="0" pid="1" vot="0" />
    <choice id="251" tot="1" vot="0" e="0" />
    <choice id="251" tot="0" pid="5" vot="0" />
    <choice id="251" tot="0" pid="2" vot="0" />
    <choice id="251" tot="0" pid="3" vot="0" />
    <choice id="252" tot="1" vot="0" e="0" />
    <choice id="252" tot="0" pid="3" vot="0" />
    <choice id="252" tot="0" pid="5" vot="0" />
    <choice id="252" tot="0" pid="2" vot="0" />
    <choice id="253" tot="1" vot="0" e="0" />
    <choice id="254" tot="1" vot="1070" e="1" />
    <choice id="254" tot="0" pid="3" vot="226" />
    <choice id="254" tot="0" pid="2" vot="704" />
    <choice id="254" tot="0" pid="5" vot="140" />
    <choice id="255" tot="1" vot="1029" e="1" />
    <choice id="255" tot="0" pid="2" vot="667" />
    <choice id="255" tot="0" pid="3" vot="223" />
    <choice id="255" tot="0" pid="5" vot="139" />
    <choice id="256" tot="1" vot="3" e="-1" />
    <choice id="257" tot="1" vot="664" e="1" />
    <choice id="257" tot="0" pid="3" vot="107" />
    <choice id="257" tot="0" pid="5" vot="102" />
    <choice id="257" tot="0" pid="2" vot="455" />
    <choice id="258" tot="1" vot="646" e="1" />
    <choice id="258" tot="0" pid="3" vot="112" />
    <choice id="258" tot="0" pid="2" vot="431" />
    <choice id="258" tot="0" pid="5" vot="103" />
    <choice id="259" tot="1" vot="4" e="-1" />
    <choice id="260" tot="1" vot="1455" e="-1" />
    <choice id="260" tot="0" pid="1" vot="1319" />
    <choice id="260" tot="0" pid="4" vot="136" />
    <choice id="261" tot="1" vot="1170" e="-1" />
    <choice id="261" tot="0" pid="4" vot="112" />
    <choice id="261" tot="0" pid="1" vot="1058" />
    <choice id="262" tot="1" vot="2276" e="1" />
    <choice id="262" tot="0" pid="2" vot="1656" />
    <choice id="262" tot="0" pid="5" vot="202" />
    <choice id="262" tot="0" pid="3" vot="418" />
    <choice id="263" tot="1" vot="2294" e="1" />
    <choice id="263" tot="0" pid="3" vot="413" />
    <choice id="263" tot="0" pid="5" vot="205" />
    <choice id="263" tot="0" pid="2" vot="1676" />
    <choice id="264" tot="1" vot="0" e="-1" />
    <choice id="265" tot="1" vot="4989" e="1" />
    <choice id="265" tot="0" pid="5" vot="867" />
    <choice id="265" tot="0" pid="2" vot="3340" />
    <choice id="265" tot="0" pid="3" vot="782" />
    <choice id="266" tot="1" vot="4996" e="1" />
    <choice id="266" tot="0" pid="5" vot="876" />
    <choice id="266" tot="0" pid="3" vot="791" />
    <choice id="266" tot="0" pid="2" vot="3329" />
    <choice id="267" tot="1" vot="36" e="-1" />
    <choice id="268" tot="1" vot="2523" e="1" />
    <choice id="268" tot="0" pid="2" vot="1801" />
    <choice id="268" tot="0" pid="5" vot="476" />
    <choice id="268" tot="0" pid="3" vot="246" />
    <choice id="269" tot="1" vot="2474" e="1" />
    <choice id="269" tot="0" pid="2" vot="1936" />
    <choice id="269" tot="0" pid="5" vot="538" />
    <choice id="270" tot="1" vot="14" e="-1" />
    <choice id="271" tot="1" vot="0" e="0" />
    <choice id="271" tot="0" pid="1" vot="0" />
    <choice id="271" tot="0" pid="4" vot="0" />
    <choice id="272" tot="1" vot="0" e="0" />
    <choice id="272" tot="0" pid="1" vot="0" />
    <choice id="272" tot="0" pid="4" vot="0" />
    <choice id="273" tot="1" vot="0" e="0" />
    <choice id="273" tot="0" pid="3" vot="0" />
    <choice id="273" tot="0" pid="2" vot="0" />
    <choice id="273" tot="0" pid="5" vot="0" />
    <choice id="274" tot="1" vot="0" e="0" />
    <choice id="274" tot="0" pid="2" vot="0" />
    <choice id="274" tot="0" pid="5" vot="0" />
    <choice id="274" tot="0" pid="3" vot="0" />
    <choice id="275" tot="1" vot="0" e="0" />
    <choice id="276" tot="1" vot="0" e="0" />
    <choice id="276" tot="0" pid="13" vot="0" />
    <choice id="276" tot="0" pid="1" vot="0" />
    <choice id="277" tot="1" vot="0" e="0" />
    <choice id="277" tot="0" pid="1" vot="0" />
    <choice id="277" tot="0" pid="13" vot="0" />
    <choice id="278" tot="1" vot="0" e="0" />
    <choice id="278" tot="0" pid="5" vot="0" />
    <choice id="278" tot="0" pid="2" vot="0" />
    <choice id="278" tot="0" pid="3" vot="0" />
    <choice id="279" tot="1" vot="0" e="0" />
    <choice id="279" tot="0" pid="5" vot="0" />
    <choice id="279" tot="0" pid="3" vot="0" />
    <choice id="279" tot="0" pid="2" vot="0" />
    <choice id="280" tot="1" vot="0" e="0" />
    <choice id="281" tot="1" vot="504" e="1" />
    <choice id="281" tot="0" pid="2" vot="310" />
    <choice id="281" tot="0" pid="5" vot="99" />
    <choice id="281" tot="0" pid="3" vot="95" />
    <choice id="282" tot="1" vot="501" e="1" />
    <choice id="282" tot="0" pid="2" vot="300" />
    <choice id="282" tot="0" pid="5" vot="102" />
    <choice id="282" tot="0" pid="3" vot="99" />
    <choice id="283" tot="1" vot="46" e="-1" />
    <choice id="284" tot="1" vot="1357" e="-1" />
    <choice id="284" tot="0" pid="1" vot="1241" />
    <choice id="284" tot="0" pid="4" vot="116" />
    <choice id="285" tot="1" vot="1325" e="-1" />
    <choice id="285" tot="0" pid="4" vot="99" />
    <choice id="285" tot="0" pid="1" vot="1226" />
    <choice id="286" tot="1" vot="2123" e="1" />
    <choice id="286" tot="0" pid="5" vot="181" />
    <choice id="286" tot="0" pid="3" vot="411" />
    <choice id="286" tot="0" pid="2" vot="1531" />
    <choice id="287" tot="1" vot="2090" e="1" />
    <choice id="287" tot="0" pid="3" vot="426" />
    <choice id="287" tot="0" pid="5" vot="188" />
    <choice id="287" tot="0" pid="2" vot="1476" />
    <choice id="288" tot="1" vot="1" e="-1" />
    <choice id="289" tot="1" vot="388" e="1" />
    <choice id="289" tot="0" pid="2" vot="248" />
    <choice id="289" tot="0" pid="3" vot="67" />
    <choice id="289" tot="0" pid="5" vot="73" />
    <choice id="290" tot="1" vot="478" e="1" />
    <choice id="290" tot="0" pid="5" vot="106" />
    <choice id="290" tot="0" pid="2" vot="289" />
    <choice id="290" tot="0" pid="3" vot="83" />
    <choice id="291" tot="1" vot="354" e="-1" />
    <choice id="291" tot="0" pid="14" vot="354" />
    <choice id="292" tot="1" vot="0" e="-1" />
    <choice id="293" tot="1" vot="499" e="1" />
    <choice id="293" tot="0" pid="2" vot="304" />
    <choice id="293" tot="0" pid="5" vot="99" />
    <choice id="293" tot="0" pid="3" vot="96" />
    <choice id="294" tot="1" vot="13" e="-1" />
    <choice id="295" tot="1" vot="693" e="1" />
    <choice id="295" tot="0" pid="3" vot="122" />
    <choice id="295" tot="0" pid="5" vot="110" />
    <choice id="295" tot="0" pid="2" vot="461" />
    <choice id="296" tot="1" vot="4" e="-1" />
    <choice id="297" tot="1" vot="254" e="-1" />
    <choice id="297" tot="0" pid="4" vot="28" />
    <choice id="297" tot="0" pid="1" vot="226" />
    <choice id="298" tot="1" vot="379" e="1" />
    <choice id="298" tot="0" pid="3" vot="74" />
    <choice id="298" tot="0" pid="2" vot="290" />
    <choice id="298" tot="0" pid="5" vot="15" />
    <choice id="299" tot="1" vot="0" e="-1" />
    <choice id="300" tot="1" vot="328" e="-1" />
    <choice id="300" tot="0" pid="4" vot="33" />
    <choice id="300" tot="0" pid="1" vot="295" />
    <choice id="301" tot="1" vot="480" e="1" />
    <choice id="301" tot="0" pid="5" vot="36" />
    <choice id="301" tot="0" pid="2" vot="358" />
    <choice id="301" tot="0" pid="3" vot="86" />
    <choice id="302" tot="1" vot="0" e="-1" />
    <choice id="303" tot="1" vot="519" e="-1" />
    <choice id="303" tot="0" pid="1" vot="519" />
    <choice id="304" tot="1" vot="1018" e="1" />
    <choice id="304" tot="0" pid="2" vot="715" />
    <choice id="304" tot="0" pid="5" vot="87" />
    <choice id="304" tot="0" pid="3" vot="216" />
    <choice id="305" tot="1" vot="0" e="-1" />
    <choice id="306" tot="1" vot="534" e="1" />
    <choice id="306" tot="0" pid="5" vot="111" />
    <choice id="306" tot="0" pid="3" vot="101" />
    <choice id="306" tot="0" pid="2" vot="322" />
    <choice id="307" tot="1" vot="6" e="-1" />
    <choice id="308" tot="1" vot="515" e="1" />
    <choice id="308" tot="0" pid="5" vot="104" />
    <choice id="308" tot="0" pid="2" vot="312" />
    <choice id="308" tot="0" pid="3" vot="99" />
    <choice id="309" tot="1" vot="5" e="-1" />
    <choice id="310" tot="1" vot="0" e="0" />
    <choice id="310" tot="0" pid="2" vot="0" />
    <choice id="310" tot="0" pid="3" vot="0" />
    <choice id="311" tot="1" vot="0" e="0" />
    <choice id="312" tot="1" vot="446" e="1" />
    <choice id="312" tot="0" pid="3" vot="343" />
    <choice id="312" tot="0" pid="5" vot="103" />
    <choice id="313" tot="1" vot="389" e="-1" />
    <choice id="313" tot="0" pid="2" vot="389" />
    <choice id="314" tot="1" vot="1" e="-1" />
    <choice id="315" tot="1" vot="0" e="0" />
    <choice id="315" tot="0" pid="5" vot="0" />
    <choice id="315" tot="0" pid="2" vot="0" />
    <choice id="315" tot="0" pid="3" vot="0" />
    <choice id="316" tot="1" vot="0" e="0" />
    <choice id="317" tot="1" vot="536" e="1" />
    <choice id="317" tot="0" pid="3" vot="103" />
    <choice id="317" tot="0" pid="5" vot="110" />
    <choice id="317" tot="0" pid="2" vot="323" />
    <choice id="318" tot="1" vot="17" e="-1" />
    <choice id="319" tot="1" vot="786" e="1" />
    <choice id="319" tot="0" pid="1" vot="786" />
    <choice id="320" tot="1" vot="725" e="-1" />
    <choice id="320" tot="0" pid="2" vot="570" />
    <choice id="320" tot="0" pid="3" vot="81" />
    <choice id="320" tot="0" pid="5" vot="74" />
    <choice id="321" tot="1" vot="50" e="-1" />
    <choice id="321" tot="0" pid="15" vot="50" />
    <choice id="322" tot="1" vot="1" e="-1" />
    <choice id="323" tot="1" vot="826" e="1" />
    <choice id="323" tot="0" pid="1" vot="753" />
    <choice id="323" tot="0" pid="4" vot="73" />
    <choice id="324" tot="1" vot="690" e="-1" />
    <choice id="324" tot="0" pid="5" vot="77" />
    <choice id="324" tot="0" pid="2" vot="515" />
    <choice id="324" tot="0" pid="3" vot="98" />
    <choice id="325" tot="1" vot="0" e="-1" />
    <choice id="326" tot="1" vot="1212" e="1" />
    <choice id="326" tot="0" pid="2" vot="885" />
    <choice id="326" tot="0" pid="3" vot="140" />
    <choice id="326" tot="0" pid="5" vot="187" />
    <choice id="327" tot="1" vot="1184" e="1" />
    <choice id="327" tot="0" pid="3" vot="144" />
    <choice id="327" tot="0" pid="2" vot="857" />
    <choice id="327" tot="0" pid="5" vot="183" />
    <choice id="328" tot="1" vot="25" e="-1" />
    <choice id="329" tot="1" vot="312" e="1" />
    <choice id="329" tot="0" pid="2" vot="312" />
    <choice id="330" tot="1" vot="338" e="1" />
    <choice id="330" tot="0" pid="2" vot="242" />
    <choice id="330" tot="0" pid="5" vot="42" />
    <choice id="330" tot="0" pid="3" vot="54" />
    <choice id="331" tot="1" vot="260" e="-1" />
    <choice id="331" tot="0" pid="1" vot="221" />
    <choice id="331" tot="0" pid="5" vot="39" />
    <choice id="332" tot="1" vot="138" e="-1" />
    <choice id="332" tot="0" pid="1" vot="138" />
    <choice id="333" tot="1" vot="0" e="-1" />
    <choice id="334" tot="1" vot="4775" e="1" />
    <choice id="335" tot="1" vot="2560" e="-1" />
  </choices>
  <contests>
    <contest id="1001" bal="54824" bl="22" uv="37863" ov="6" wr="0" />
    <contest id="1002" bal="54824" bl="22" uv="698" ov="47" wr="0" />
    <contest id="1003" bal="54824" bl="22" uv="3851" ov="25" wr="0" />
    <contest id="1004" bal="54824" bl="22" uv="1432" ov="30" wr="0" />
    <contest id="1005" bal="2198" bl="0" uv="112" ov="2" wr="0" />
    <contest id="1006" bal="2130" bl="0" uv="96" ov="1" wr="0" />
    <contest id="1007" bal="3016" bl="3" uv="713" ov="0" wr="0" />
    <contest id="1008" bal="1514" bl="0" uv="84" ov="0" wr="0" />
    <contest id="1009" bal="581" bl="0" uv="31" ov="0" wr="0" />
    <contest id="1010" bal="592" bl="0" uv="28" ov="1" wr="0" />
    <contest id="1011" bal="842" bl="1" uv="202" ov="0" wr="0" />
    <contest id="1012" bal="2787" bl="3" uv="663" ov="0" wr="0" />
    <contest id="1013" bal="2903" bl="3" uv="147" ov="0" wr="0" />
    <contest id="1014" bal="4010" bl="2" uv="1135" ov="0" wr="0" />
    <contest id="1015" bal="3096" bl="1" uv="92" ov="2" wr="0" />
    <contest id="1016" bal="1519" bl="0" uv="92" ov="1" wr="0" />
    <contest id="1017" bal="1631" bl="1" uv="67" ov="0" wr="0" />
    <contest id="1018" bal="2801" bl="1" uv="706" ov="0" wr="0" />
    <contest id="1019" bal="1793" bl="0" uv="104" ov="0" wr="0" />
    <contest id="1020" bal="2821" bl="1" uv="80" ov="1" wr="0" />
    <contest id="1021" bal="2479" bl="0" uv="217" ov="3" wr="0" />
    <contest id="1022" bal="4026" bl="1" uv="269" ov="0" wr="0" />
    <contest id="1023" bal="1323" bl="0" uv="74" ov="0" wr="0" />
    <contest id="1024" bal="1445" bl="0" uv="368" ov="0" wr="0" />
    <contest id="1025" bal="1507" bl="0" uv="291" ov="0" wr="0" />
    <contest id="1026" bal="520" bl="1" uv="134" ov="0" wr="0" />
    <contest id="1027" bal="1616" bl="0" uv="352" ov="0" wr="0" />
    <contest id="1028" bal="1546" bl="0" uv="330" ov="0" wr="0" />
    <contest id="1029" bal="303" bl="1" uv="30" ov="1" wr="0" />
    <contest id="1030" bal="2379" bl="2" uv="153" ov="2" wr="0" />
    <contest id="1031" bal="1336" bl="0" uv="179" ov="0" wr="0" />
    <contest id="1032" bal="1139" bl="1" uv="285" ov="1" wr="0" />
    <contest id="1033" bal="971" bl="0" uv="163" ov="0" wr="0" />
    <contest id="1034" bal="9775" bl="5" uv="2967" ov="0" wr="0" />
    <contest id="1035" bal="3264" bl="0" uv="249" ov="2" wr="0" />
    <contest id="1036" bal="1552" bl="1" uv="418" ov="0" wr="0" />
    <contest id="1037" bal="3130" bl="4" uv="284" ov="4" wr="0" />
    <contest id="1038" bal="1829" bl="0" uv="176" ov="8" wr="0" />
    <contest id="1039" bal="9775" bl="5" uv="8880" ov="72" wr="0" />
    <contest id="1040" bal="3611" bl="0" uv="80" ov="4" wr="0" />
    <contest id="1041" bal="3272" bl="3" uv="55" ov="0" wr="0" />
    <contest id="1042" bal="828" bl="0" uv="183" ov="0" wr="0" />
    <contest id="1043" bal="1801" bl="0" uv="363" ov="0" wr="0" />
    <contest id="1044" bal="1033" bl="0" uv="33" ov="1" wr="0" />
    <contest id="1045" bal="2438" bl="1" uv="513" ov="1" wr="0" />
    <contest id="1046" bal="5295" bl="1" uv="635" ov="4" wr="0" />
    <contest id="1047" bal="0" bl="0" uv="0" ov="0" wr="0" />
    <contest id="1048" bal="1383" bl="0" uv="313" ov="0" wr="0" />
    <contest id="1049" bal="871" bl="0" uv="188" ov="0" wr="0" />
    <contest id="1050" bal="3819" bl="3" uv="799" ov="0" wr="0" />
    <contest id="1051" bal="6419" bl="1" uv="1145" ov="0" wr="0" />
    <contest id="1052" bal="3450" bl="1" uv="785" ov="0" wr="0" />
    <contest id="1053" bal="0" bl="0" uv="0" ov="0" wr="0" />
    <contest id="1054" bal="0" bl="0" uv="0" ov="0" wr="0" />
    <contest id="1055" bal="737" bl="0" uv="96" ov="1" wr="0" />
    <contest id="1056" bal="3664" bl="3" uv="103" ov="0" wr="0" />
    <contest id="1057" bal="741" bl="0" uv="208" ov="0" wr="0" />
    <contest id="1058" bal="3611" bl="0" uv="1002" ov="0" wr="0" />
    <contest id="1059" bal="3272" bl="3" uv="121" ov="0" wr="0" />
    <contest id="1060" bal="828" bl="0" uv="137" ov="0" wr="0" />
    <contest id="1061" bal="1033" bl="0" uv="138" ov="1" wr="0" />
    <contest id="1062" bal="0" bl="0" uv="0" ov="0" wr="0" />
    <contest id="1063" bal="1383" bl="0" uv="272" ov="0" wr="0" />
    <contest id="1064" bal="6419" bl="1" uv="1268" ov="0" wr="0" />
    <contest id="1065" bal="0" bl="0" uv="0" ov="0" wr="0" />
    <contest id="1066" bal="741" bl="0" uv="193" ov="0" wr="0" />
    <contest id="1067" bal="3611" bl="0" uv="704" ov="0" wr="0" />
    <contest id="1068" bal="3272" bl="3" uv="172" ov="0" wr="0" />
    <contest id="1069" bal="1801" bl="0" uv="72" ov="2" wr="0" />
    <contest id="1070" bal="4105" bl="1" uv="223" ov="2" wr="0" />
    <contest id="1071" bal="1033" bl="0" uv="248" ov="1" wr="0" />
    <contest id="1072" bal="5295" bl="1" uv="642" ov="3" wr="0" />
    <contest id="1073" bal="0" bl="0" uv="0" ov="0" wr="0" />
    <contest id="1074" bal="1383" bl="0" uv="304" ov="0" wr="0" />
    <contest id="1075" bal="871" bl="0" uv="143" ov="0" wr="0" />
    <contest id="1076" bal="3819" bl="3" uv="834" ov="0" wr="0" />
    <contest id="1077" bal="6419" bl="1" uv="292" ov="4" wr="0" />
    <contest id="1078" bal="3450" bl="1" uv="866" ov="0" wr="0" />
    <contest id="1079" bal="0" bl="0" uv="0" ov="0" wr="0" />
    <contest id="1080" bal="0" bl="0" uv="0" ov="0" wr="0" />
    <contest id="1081" bal="737" bl="0" uv="184" ov="1" wr="0" />
    <contest id="1082" bal="3664" bl="3" uv="168" ov="0" wr="0" />
    <contest id="1083" bal="741" bl="0" uv="169" ov="0" wr="0" />
    <contest id="1084" bal="2438" bl="1" uv="2166" ov="0" wr="0" />
    <contest id="1085" bal="3611" bl="0" uv="1140" ov="4" wr="0" />
    <contest id="1086" bal="3272" bl="3" uv="377" ov="8" wr="0" />
    <contest id="1087" bal="828" bl="0" uv="396" ov="0" wr="0" />
    <contest id="1088" bal="1801" bl="0" uv="162" ov="2" wr="0" />
    <contest id="1089" bal="1033" bl="0" uv="379" ov="2" wr="0" />
    <contest id="1090" bal="2438" bl="1" uv="1379" ov="0" wr="0" />
    <contest id="1091" bal="5295" bl="1" uv="685" ov="34" wr="0" />
    <contest id="1092" bal="0" bl="0" uv="0" ov="0" wr="0" />
    <contest id="1093" bal="1383" bl="0" uv="664" ov="0" wr="0" />
    <contest id="1094" bal="871" bl="0" uv="428" ov="0" wr="0" />
    <contest id="1095" bal="3819" bl="3" uv="441" ov="2" wr="0" />
    <contest id="1096" bal="6419" bl="1" uv="2817" ov="0" wr="0" />
    <contest id="1097" bal="3450" bl="1" uv="1887" ov="2" wr="0" />
    <contest id="1098" bal="0" bl="0" uv="0" ov="0" wr="0" />
    <contest id="1099" bal="0" bl="0" uv="0" ov="0" wr="0" />
    <contest id="1100" bal="737" bl="0" uv="423" ov="0" wr="0" />
    <contest id="1101" bal="3664" bl="3" uv="424" ov="8" wr="0" />
    <contest id="1102" bal="741" bl="0" uv="258" ov="4" wr="0" />
    <contest id="1103" bal="737" bl="0" uv="225" ov="0" wr="0" />
    <contest id="1104" bal="922" bl="0" uv="223" ov="2" wr="0" />
    <contest id="1105" bal="674" bl="0" uv="41" ov="0" wr="0" />
    <contest id="1106" bal="835" bl="0" uv="27" ov="0" wr="0" />
    <contest id="1107" bal="1674" bl="1" uv="136" ov="1" wr="0" />
    <contest id="1108" bal="737" bl="0" uv="196" ov="1" wr="0" />
    <contest id="1109" bal="737" bl="0" uv="217" ov="0" wr="0" />
    <contest id="1110" bal="0" bl="0" uv="0" ov="0" wr="0" />
    <contest id="1111" bal="871" bl="0" uv="35" ov="0" wr="0" />
    <contest id="1112" bal="0" bl="0" uv="0" ov="0" wr="0" />
    <contest id="1113" bal="737" bl="0" uv="183" ov="1" wr="0" />
    <contest id="1114" bal="1582" bl="3" uv="18" ov="2" wr="0" />
    <contest id="1115" bal="1582" bl="3" uv="66" ov="0" wr="0" />
    <contest id="1116" bal="1582" bl="3" uv="743" ov="0" wr="0" />
    <contest id="1117" bal="551" bl="1" uv="46" ov="8" wr="0" />
    <contest id="1118" bal="9775" bl="5" uv="2437" ov="3" wr="0" />
  </contests>
  <areas>
    <area id="2" bal="0" vot="0" tab="0" cltab="0" pol="811" clpol="344" stpol="0" />
    <area id="9" bal="0" vot="0" tab="0" cltab="0" pol="811" clpol="344" stpol="0" />
    <area id="10" bal="0" vot="0" tab="0" cltab="0" pol="28" clpol="11" stpol="0" />
    <area id="52" bal="0" vot="0" tab="0" cltab="0" pol="23" clpol="14" stpol="0" />
    <area id="30" bal="0" vot="0" tab="0" cltab="0" pol="30" clpol="16" stpol="0" />
    <area id="31" bal="0" vot="0" tab="0" cltab="0" pol="31" clpol="7" stpol="0" />
    <area id="6" bal="0" vot="0" tab="0" cltab="0" pol="24" clpol="3" stpol="0" />
    <area id="35" bal="0" vot="0" tab="0" cltab="0" pol="31" clpol="4" stpol="0" />
    <area id="60" bal="0" vot="0" tab="0" cltab="0" pol="25" clpol="4" stpol="0" />
    <area id="59" bal="0" vot="0" tab="0" cltab="0" pol="25" clpol="12" stpol="0" />
    <area id="50" bal="0" vot="0" tab="0" cltab="0" pol="32" clpol="17" stpol="0" />
    <area id="48" bal="0" vot="0" tab="0" cltab="0" pol="30" clpol="20" stpol="0" />
    <area id="15" bal="0" vot="0" tab="0" cltab="0" pol="27" clpol="17" stpol="0" />
    <area id="61" bal="0" vot="0" tab="0" cltab="0" pol="17" clpol="7" stpol="0" />
    <area id="56" bal="0" vot="0" tab="0" cltab="0" pol="26" clpol="8" stpol="0" />
    <area id="58" bal="0" vot="0" tab="0" cltab="0" pol="31" clpol="15" stpol="0" />
    <area id="32" bal="0" vot="0" tab="0" cltab="0" pol="28" clpol="9" stpol="0" />
    <area id="3" bal="0" vot="0" tab="0" cltab="0" pol="36" clpol="15" stpol="0" />
    <area id="23" bal="0" vot="0" tab="0" cltab="0" pol="36" clpol="20" stpol="0" />
    <area id="36" bal="0" vot="0" tab="0" cltab="0" pol="32" clpol="22" stpol="0" />
    <area id="51" bal="0" vot="0" tab="0" cltab="0" pol="32" clpol="8" stpol="0" />
    <area id="13" bal="0" vot="0" tab="0" cltab="0" pol="26" clpol="7" stpol="0" />
    <area id="7" bal="0" vot="0" tab="0" cltab="0" pol="27" clpol="14" stpol="0" />
    <area id="57" bal="0" vot="0" tab="0" cltab="0" pol="27" clpol="11" stpol="0" />
    <area id="19" bal="0" vot="0" tab="0" cltab="0" pol="32" clpol="11" stpol="0" />
    <area id="11" bal="0" vot="0" tab="0" cltab="0" pol="32" clpol="11" stpol="0" />
    <area id="42" bal="0" vot="0" tab="0" cltab="0" pol="23" clpol="4" stpol="0" />
    <area id="34" bal="0" vot="0" tab="0" cltab="0" pol="30" clpol="18" stpol="0" />
    <area id="49" bal="0" vot="0" tab="0" cltab="0" pol="26" clpol="12" stpol="0" />
    <area id="44" bal="0" vot="0" tab="0" cltab="0" pol="20" clpol="14" stpol="0" />
    <area id="4" bal="0" vot="0" tab="0" cltab="0" pol="24" clpol="13" stpol="0" />
    <area id="25" bal="0" vot="0" tab="0" cltab="0" pol="213" clpol="99" stpol="0" />
    <area id="24" bal="0" vot="0" tab="0" cltab="0" pol="60" clpol="25" stpol="0" />
    <area id="26" bal="0" vot="0" tab="0" cltab="0" pol="55" clpol="26" stpol="0" />
    <area id="37" bal="0" vot="0" tab="0" cltab="0" pol="46" clpol="30" stpol="0" />
    <area id="47" bal="0" vot="0" tab="0" cltab="0" pol="52" clpol="18" stpol="0" />
    <area id="18" bal="0" vot="0" tab="0" cltab="0" pol="46" clpol="19" stpol="0" />
    <area id="53" bal="0" vot="0" tab="0" cltab="0" pol="33" clpol="17" stpol="0" />
    <area id="54" bal="0" vot="0" tab="0" cltab="0" pol="6" clpol="4" stpol="0" />
    <area id="20" bal="0" vot="0" tab="0" cltab="0" pol="35" clpol="10" stpol="0" />
    <area id="21" bal="0" vot="0" tab="0" cltab="0" pol="109" clpol="24" stpol="0" />
    <area id="27" bal="0" vot="0" tab="0" cltab="0" pol="10" clpol="7" stpol="0" />
    <area id="14" bal="0" vot="0" tab="0" cltab="0" pol="35" clpol="13" stpol="0" />
    <area id="22" bal="0" vot="0" tab="0" cltab="0" pol="71" clpol="34" stpol="0" />
    <area id="38" bal="0" vot="0" tab="0" cltab="0" pol="9" clpol="0" stpol="0" />
    <area id="5" bal="0" vot="0" tab="0" cltab="0" pol="20" clpol="8" stpol="0" />
    <area id="40" bal="0" vot="0" tab="0" cltab="0" pol="15" clpol="3" stpol="0" />
    <area id="43" bal="0" vot="0" tab="0" cltab="0" pol="42" clpol="21" stpol="0" />
    <area id="17" bal="0" vot="0" tab="0" cltab="0" pol="56" clpol="36" stpol="0" />
    <area id="46" bal="0" vot="0" tab="0" cltab="0" pol="34" clpol="17" stpol="0" />
    <area id="55" bal="0" vot="0" tab="0" cltab="0" pol="6" clpol="0" stpol="0" />
    <area id="45" bal="0" vot="0" tab="0" cltab="0" pol="4" clpol="0" stpol="0" />
    <area id="33" bal="0" vot="0" tab="0" cltab="0" pol="12" clpol="5" stpol="0" />
    <area id="8" bal="0" vot="0" tab="0" cltab="0" pol="43" clpol="17" stpol="0" />
    <area id="16" bal="0" vot="0" tab="0" cltab="0" pol="5" clpol="3" stpol="0" />
    <area id="39" bal="0" vot="0" tab="0" cltab="0" pol="29" clpol="6" stpol="0" />
    <area id="1" bal="0" vot="0" tab="0" cltab="0" pol="29" clpol="4" stpol="0" />
    <area id="41" bal="0" vot="0" tab="0" cltab="0" pol="27" clpol="5" stpol="0" />
    <area id="29" bal="0" vot="0" tab="0" cltab="0" pol="24" clpol="9" stpol="0" />
    <area id="12" bal="0" vot="0" tab="0" cltab="0" pol="7" clpol="3" stpol="0" />
    <area id="28" bal="0" vot="0" tab="0" cltab="0" pol="7" clpol="7" stpol="0" />
  </areas>
</results>